---
source: tests/requests/posts.rs
expression: "(posts.status_code(), posts.text())"
---
(
    200,
    "[]",
)
